[20:29:15] Kasugano Sora Http Server
[20:29:15] CopyRight (C) 2012-2017 SoraMC All Right Reserved.
